// Jest Snapshot v1, https://goo.gl/fbAQLP

exports[`Contact page should render Contact page 1`] = `ShallowWrapper {}`;
