// Jest Snapshot v1, https://goo.gl/fbAQLP

exports[`SomethingWrong component should render SomethingWrong component 1`] = `ShallowWrapper {}`;
