// Jest Snapshot v1, https://goo.gl/fbAQLP

exports[`Shop router should render Shop router 1`] = `ReactWrapper {}`;
