// Jest Snapshot v1, https://goo.gl/fbAQLP

exports[`App component should render App component 1`] = `ShallowWrapper {}`;

exports[`App router should render App router 1`] = `ShallowWrapper {}`;
