// Jest Snapshot v1, https://goo.gl/fbAQLP

exports[`Forms page should render Forms page 1`] = `ShallowWrapper {}`;
