// Jest Snapshot v1, https://goo.gl/fbAQLP

exports[`DirectoryItem component should render DirectoryItem component 1`] = `ShallowWrapper {}`;
