// Jest Snapshot v1, https://goo.gl/fbAQLP

exports[`StripeButton component should render StripeButton component 1`] = `ShallowWrapper {}`;
