// Jest Snapshot v1, https://goo.gl/fbAQLP

exports[`should render Home page 1`] = `ShallowWrapper {}`;
