// Jest Snapshot v1, https://goo.gl/fbAQLP

exports[`SignUp component should render SignUp component 1`] = `ReactWrapper {}`;
